
Memory Configuration

Name             Origin             Length             Attributes
*default*        0x00000000         0xffffffff

Linker script and memory map

LOAD build/controller.o
LOAD build/defines.o
LOAD build/font.o
LOAD build/framebuffer_struct.o
LOAD build/game.o
LOAD build/game_struct.o
LOAD build/gpio.o
LOAD build/graphics.o
LOAD build/levels.o
LOAD build/mailbox.o
LOAD build/main.o
LOAD build/string.o
LOAD build/tiles.o
LOAD build/timer.o
LOAD build/uart.o

.init           0x00008000        0x4
 *(.init)
 .init          0x00008000        0x4 build/main.o
                0x00008000                _start

.data           0x00009080      0x2e0
 *(.data)
 .data          0x00009080        0x0 build/controller.o
 .data          0x00009080        0x0 build/defines.o
 .data          0x00009080       0x30 build/font.o
 .data          0x000090b0      0x290 build/framebuffer_struct.o
                0x000090b0                framebuffer_info
 .data          0x00009340        0x0 build/game.o
 .data          0x00009340        0x0 build/game_struct.o
 .data          0x00009340        0x0 build/gpio.o
 .data          0x00009340        0x0 build/graphics.o
 .data          0x00009340        0x0 build/levels.o
 .data          0x00009340        0x0 build/mailbox.o
 .data          0x00009340        0x0 build/main.o
 .data          0x00009340        0x0 build/string.o
 .data          0x00009340        0x0 build/tiles.o
 .data          0x00009340       0x20 build/timer.o
 .data          0x00009360        0x0 build/uart.o
 *.c.o(*)

.igot.plt       0x00009360        0x0
 .igot.plt      0x00000000        0x0 build/controller.o

.text           0x00009360     0x1764
 *.c.o(.text)
 *(.text)
 .text          0x00009360       0xf4 build/controller.o
                0x00009360                snes_init
                0x00009398                snes_getstate
                0x00009414                waitForRelease
                0x00009434                waitForButton
 .text          0x00009454        0x0 build/defines.o
 .text          0x00009454      0x4f0 build/font.o
                0x00009454                writeMsg
                0x0000948c                writeStr
                0x000094b4                writeNumber_double
                0x00009510                writeStr_double
                0x00009538                char_ascii
 .text          0x00009944        0x0 build/framebuffer_struct.o
 .text          0x00009944       0x98 build/game.o
                0x00009944                loadBoard
                0x00009964                drawBoard
 .text          0x000099dc      0x124 build/game_struct.o
                0x000099dc                game_struct
                0x00009ac2                initGameStruct
 .text          0x00009b00       0x94 build/gpio.o
                0x00009b00                gpio_mode
                0x00009b38                gpio_write
                0x00009b60                gpio_read
 .text          0x00009b94      0x2e4 build/graphics.o
                0x00009b94                drawBall
                0x00009c68                clearBall
                0x00009d3c                drawBrick
                0x00009da4                putPixel
                0x00009e04                outlineBox
 .text          0x00009e78       0xd2 build/levels.o
                0x00009e78                level_1
 *fill*         0x00009f4a        0x2 3f3f3f3f
 .text          0x00009f4c       0x94 build/mailbox.o
                0x00009f4c                framebuffer_init
 .text          0x00009fe0      0x120 build/main.o
 .text          0x0000a100       0xd4 build/string.o
                0x0000a100                strcmp
                0x0000a138                strncmp
                0x0000a180                strcpy
                0x0000a194                strlen
                0x0000a1b0                strcat
 .text          0x0000a1d4      0x1f0 build/tiles.o
                0x0000a1d4                brick_tile
                0x0000a384                ball_tile
 .text          0x0000a3c4       0xf8 build/timer.o
                0x0000a3c4                st_sleep
                0x0000a3e0                initSecondTimer
                0x0000a400                timerFired
                0x0000a434                resetTimer
                0x0000a458                pauseTimer
                0x0000a480                unpauseTimer
 .text          0x0000a4bc      0x608 build/uart.o
                0x0000a4bc                uart_init
                0x0000aa3c                uart_readb
                0x0000aa58                uart_writeb
                0x0000aa74                uart_print
OUTPUT(build/output.elf elf32-littlearm)

.glue_7         0x0000aac4        0x0
 .glue_7        0x00000000        0x0 linker stubs

.glue_7t        0x0000aac4        0x0
 .glue_7t       0x00000000        0x0 linker stubs

.vfp11_veneer   0x0000aac4        0x0
 .vfp11_veneer  0x00000000        0x0 linker stubs

.v4_bx          0x0000aac4        0x0
 .v4_bx         0x00000000        0x0 linker stubs

.iplt           0x0000aac4        0x0
 .iplt          0x00000000        0x0 build/controller.o

.rel.dyn        0x0000aac4        0x0
 .rel.iplt      0x00000000        0x0 build/controller.o

.bss            0x0000aac4        0x0
 .bss           0x0000aac4        0x0 build/controller.o
 .bss           0x0000aac4        0x0 build/defines.o
 .bss           0x0000aac4        0x0 build/font.o
 .bss           0x0000aac4        0x0 build/framebuffer_struct.o
 .bss           0x0000aac4        0x0 build/game.o
 .bss           0x0000aac4        0x0 build/game_struct.o
 .bss           0x0000aac4        0x0 build/gpio.o
 .bss           0x0000aac4        0x0 build/graphics.o
 .bss           0x0000aac4        0x0 build/levels.o
 .bss           0x0000aac4        0x0 build/mailbox.o
 .bss           0x0000aac4        0x0 build/main.o
 .bss           0x0000aac4        0x0 build/string.o
 .bss           0x0000aac4        0x0 build/tiles.o
 .bss           0x0000aac4        0x0 build/timer.o
 .bss           0x0000aac4        0x0 build/uart.o

.ARM.attributes
                0x00000000       0x1f
 .ARM.attributes
                0x00000000       0x1f build/controller.o
 .ARM.attributes
                0x0000001f       0x1f build/defines.o
 .ARM.attributes
                0x0000003e       0x1f build/font.o
 .ARM.attributes
                0x0000005d       0x1f build/framebuffer_struct.o
 .ARM.attributes
                0x0000007c       0x1f build/game.o
 .ARM.attributes
                0x0000009b       0x1f build/game_struct.o
 .ARM.attributes
                0x000000ba       0x1f build/gpio.o
 .ARM.attributes
                0x000000d9       0x1f build/graphics.o
 .ARM.attributes
                0x000000f8       0x1f build/levels.o
 .ARM.attributes
                0x00000117       0x1f build/mailbox.o
 .ARM.attributes
                0x00000136       0x1f build/main.o
 .ARM.attributes
                0x00000155       0x1f build/string.o
 .ARM.attributes
                0x00000174       0x1f build/tiles.o
 .ARM.attributes
                0x00000193       0x1f build/timer.o
 .ARM.attributes
                0x000001b2       0x1f build/uart.o

.debug_line     0x00000000      0x5a0
 .debug_line    0x00000000       0x85 build/controller.o
 .debug_line    0x00000085       0x86 build/font.o
 .debug_line    0x0000010b       0x66 build/game.o
 .debug_line    0x00000171       0x54 build/game_struct.o
 .debug_line    0x000001c5       0x6c build/gpio.o
 .debug_line    0x00000231       0xc2 build/graphics.o
 .debug_line    0x000002f3       0x68 build/mailbox.o
 .debug_line    0x0000035b       0x99 build/main.o
 .debug_line    0x000003f4       0x7b build/string.o
 .debug_line    0x0000046f       0x88 build/timer.o
 .debug_line    0x000004f7       0xa9 build/uart.o

.debug_info     0x00000000      0x36d
 .debug_info    0x00000000       0x54 build/controller.o
 .debug_info    0x00000054       0x4e build/font.o
 .debug_info    0x000000a2       0x4e build/game.o
 .debug_info    0x000000f0       0x55 build/game_struct.o
 .debug_info    0x00000145       0x4e build/gpio.o
 .debug_info    0x00000193       0x52 build/graphics.o
 .debug_info    0x000001e5       0x51 build/mailbox.o
 .debug_info    0x00000236       0x4a build/main.o
 .debug_info    0x00000280       0x50 build/string.o
 .debug_info    0x000002d0       0x4f build/timer.o
 .debug_info    0x0000031f       0x4e build/uart.o

.debug_abbrev   0x00000000       0xda
 .debug_abbrev  0x00000000       0x14 build/controller.o
 .debug_abbrev  0x00000014       0x14 build/font.o
 .debug_abbrev  0x00000028       0x14 build/game.o
 .debug_abbrev  0x0000003c       0x14 build/game_struct.o
 .debug_abbrev  0x00000050       0x14 build/gpio.o
 .debug_abbrev  0x00000064       0x14 build/graphics.o
 .debug_abbrev  0x00000078       0x14 build/mailbox.o
 .debug_abbrev  0x0000008c       0x12 build/main.o
 .debug_abbrev  0x0000009e       0x14 build/string.o
 .debug_abbrev  0x000000b2       0x14 build/timer.o
 .debug_abbrev  0x000000c6       0x14 build/uart.o

.debug_aranges  0x00000000      0x168
 .debug_aranges
                0x00000000       0x20 build/controller.o
 .debug_aranges
                0x00000020       0x20 build/font.o
 .debug_aranges
                0x00000040       0x20 build/game.o
 .debug_aranges
                0x00000060       0x20 build/game_struct.o
 .debug_aranges
                0x00000080       0x20 build/gpio.o
 .debug_aranges
                0x000000a0       0x20 build/graphics.o
 .debug_aranges
                0x000000c0       0x20 build/mailbox.o
 .debug_aranges
                0x000000e0       0x28 build/main.o
 .debug_aranges
                0x00000108       0x20 build/string.o
 .debug_aranges
                0x00000128       0x20 build/timer.o
 .debug_aranges
                0x00000148       0x20 build/uart.o

.debug_ranges   0x00000000       0x20
 .debug_ranges  0x00000000       0x20 build/main.o
